
> cai@1.0.0 dev
> vite


  VITE v8.0.10  ready in 1184 ms

  ➜  Local:   http://localhost:5173/
  ➜  Network: use --host to expose
5:09:37 PM [vite] (client) hmr update /modules/IgnitionProt.jsx
5:16:37 PM [vite] (client) hmr update /modules/IgnitionPort.jsx
5:34:30 PM [vite] (client) hmr update /modules/IgnitionKosk.jsx
5:34:34 PM [vite] (client) hmr update /modules/IgnitionKosk.jsx
5:34:39 PM [vite] (client) hmr update /modules/IgnitionKosk.jsx
5:36:32 PM [vite] (client) hmr update /modules/IgnitionPort.jsx
5:36:51 PM [vite] (client) hmr update /modules/IgnitionPort.jsx
5:44:00 PM [vite] (client) hmr update /modules/IgnitionAdmin.jsx
6:15:20 PM [vite] (client) hmr update /modules/IgnitionPort.jsx
6:15:22 PM [vite] (client) [optimizer] bundling dependencies...
6:15:23 PM [vite] (client) ✨ new dependencies optimized: react-signature-canvas
6:15:23 PM [vite] (client) ✨ optimized dependencies changed. reloading
6:15:25 PM [vite] (client) hmr update /modules/IgnitionPort.jsx
6:15:33 PM [vite] (client) hmr update /modules/IgnitionPort.jsx
6:15:44 PM [vite] (client) hmr update /modules/IgnitionPort.jsx
6:15:53 PM [vite] (client) hmr update /modules/IgnitionPort.jsx
6:16:02 PM [vite] (client) hmr update /modules/IgnitionPort.jsx
6:24:03 PM [vite] (client) hmr update /CoreApp.jsx, /modules/IgnitionFlux.jsx, /OnboardingWizard.jsx, /modules/AdminSubscription.jsx, /modules/IgnitionCipher.jsx, /modules/IgnitionStok.jsx, /modules/IgnitionOmni.jsx, /modules/IgnitionKosk.jsx, /modules/IgnitionPort.jsx, /modules/IgnitionProt.jsx, /modules/IgnitionCompliance.jsx, /modules/IgnitionHub.jsx, /modules/IgnitionCRM.jsx, /modules/IgnitionProc.jsx, /modules/IgnitionAdmin.jsx, /modules/CustomerApprovalPortal.jsx
6:24:13 PM [vite] (client) hmr update /CoreApp.jsx, /modules/IgnitionFlux.jsx, /OnboardingWizard.jsx, /modules/AdminSubscription.jsx, /modules/IgnitionCipher.jsx, /modules/IgnitionStok.jsx, /modules/IgnitionOmni.jsx, /modules/IgnitionKosk.jsx, /modules/IgnitionPort.jsx, /modules/IgnitionProt.jsx, /modules/IgnitionCompliance.jsx, /modules/IgnitionHub.jsx, /modules/IgnitionCRM.jsx, /modules/IgnitionProc.jsx, /modules/IgnitionAdmin.jsx, /modules/CustomerApprovalPortal.jsx
7:11:36 PM [vite] (client) hmr update /modules/IgnitionPort.jsx
7:11:50 PM [vite] (client) hmr update /modules/IgnitionPort.jsx
7:11:57 PM [vite] (client) hmr update /modules/IgnitionPort.jsx
7:22:46 PM [vite] (client) hmr update /CoreApp.jsx, /modules/IgnitionFlux.jsx, /OnboardingWizard.jsx, /modules/AdminSubscription.jsx, /modules/IgnitionCipher.jsx, /modules/IgnitionStok.jsx, /modules/IgnitionOmni.jsx, /modules/IgnitionKosk.jsx, /modules/IgnitionPort.jsx, /modules/IgnitionProt.jsx, /modules/IgnitionCompliance.jsx, /modules/IgnitionHub.jsx, /modules/IgnitionCRM.jsx, /modules/IgnitionProc.jsx, /modules/IgnitionAdmin.jsx, /modules/CustomerApprovalPortal.jsx
11:03:34 AM [vite] .env changed, restarting server...
11:03:40 AM [vite] server restarted.
11:06:27 AM [vite] .env changed, restarting server...
11:06:27 AM [vite] (client) Re-optimizing dependencies because lockfile has changed
11:06:28 AM [vite] server restarted.
11:06:37 AM [vite] .env changed, restarting server...
11:06:37 AM [vite] server restarted.
11:07:00 AM [vite] .env changed, restarting server...
11:07:01 AM [vite] server restarted.
11:07:18 AM [vite] .env changed, restarting server...
11:07:18 AM [vite] server restarted.
11:09:50 AM [vite] .env changed, restarting server...
11:09:50 AM [vite] server restarted.
11:12:15 AM [vite] .env changed, restarting server...
11:12:15 AM [vite] server restarted.
11:24:05 AM [vite] .env changed, restarting server...
11:24:06 AM [vite] server restarted.
11:26:55 AM [vite] .env changed, restarting server...
11:26:55 AM [vite] server restarted.
11:29:11 AM [vite] (client) hmr update /CoreApp.jsx, /modules/IgnitionProc.jsx, /modules/IgnitionCompliance.jsx, /modules/IgnitionStok.jsx, /modules/IgnitionKosk.jsx, /modules/IgnitionPort.jsx, /modules/IgnitionHub.jsx, /modules/IgnitionCipher.jsx, /modules/AdminSubscription.jsx, /modules/IgnitionCRM.jsx, /modules/IgnitionProt.jsx, /modules/IgnitionAdmin.jsx, /modules/IgnitionOmni.jsx, /modules/IgnitionFlux.jsx, /OnboardingWizard.jsx, /modules/CustomerApprovalPortal.jsx
11:29:15 AM [vite] (client) [optimizer] bundling dependencies...
11:29:16 AM [vite] (client) ✨ new dependencies optimized: @supabase/supabase-js
11:29:36 AM [vite] (client) hmr update /CoreApp.jsx, /modules/IgnitionProc.jsx, /modules/IgnitionCompliance.jsx, /modules/IgnitionStok.jsx, /modules/IgnitionKosk.jsx, /modules/IgnitionPort.jsx, /modules/IgnitionHub.jsx, /modules/IgnitionCipher.jsx, /modules/AdminSubscription.jsx, /modules/IgnitionCRM.jsx, /modules/IgnitionProt.jsx, /modules/IgnitionAdmin.jsx, /modules/IgnitionOmni.jsx, /modules/IgnitionFlux.jsx, /OnboardingWizard.jsx, /modules/CustomerApprovalPortal.jsx
11:40:12 AM [vite] (client) page reload docs/pricing_sheet.html
11:40:23 AM [vite] (client) page reload docs/pricing_sheet.html
12:31:43 PM [vite] (client) page reload docs/pricing_sheet.html
12:34:32 PM [vite] (client) page reload docs/pricing_sheet.html
12:51:51 PM [vite] .env changed, restarting server...
12:51:52 PM [vite] server restarted.
